 999999999 100 53 18 88 6 23 7 15 21 50 4 -1000000000 5 8 3
